?   	github.com/lovung/GoCleanArchitecture/app/config	[no test files]
?   	github.com/lovung/GoCleanArchitecture/app/domain/entity	[no test files]
?   	github.com/lovung/GoCleanArchitecture/app/domain/repository	[no test files]
?   	github.com/lovung/GoCleanArchitecture/app/domain/repository/mock	[no test files]
?   	github.com/lovung/GoCleanArchitecture/app/external/api	[no test files]
?   	github.com/lovung/GoCleanArchitecture/app/interface/persistence/rdbms/gorm	[no test files]
?   	github.com/lovung/GoCleanArchitecture/app/interface/persistence/rdbms/gorm/model	[no test files]
?   	github.com/lovung/GoCleanArchitecture/app/internal/apperror	[no test files]
?   	github.com/lovung/GoCleanArchitecture/app/internal/domain/entity	[no test files]
?   	github.com/lovung/GoCleanArchitecture/app/internal/domain/repository	[no test files]
?   	github.com/lovung/GoCleanArchitecture/app/internal/domain/repository/mockrepo	[no test files]
?   	github.com/lovung/GoCleanArchitecture/app/internal/interface/persistence/rdbms/gormrepo	[no test files]
?   	github.com/lovung/GoCleanArchitecture/app/internal/interface/restful/handler	[no test files]
?   	github.com/lovung/GoCleanArchitecture/app/internal/interface/restful/middleware	[no test files]
?   	github.com/lovung/GoCleanArchitecture/app/internal/interface/restful/presenter	[no test files]
?   	github.com/lovung/GoCleanArchitecture/app/internal/transaction	[no test files]
?   	github.com/lovung/GoCleanArchitecture/app/internal/transaction/mocktrans	[no test files]
?   	github.com/lovung/GoCleanArchitecture/app/internal/usecase	[no test files]
?   	github.com/lovung/GoCleanArchitecture/app/internal/usecase/dto	[no test files]
=== RUN   TestUserUseCase_Create
=== PAUSE TestUserUseCase_Create
=== RUN   TestNewUserUseCase
=== PAUSE TestNewUserUseCase
=== RUN   TestUserUseCase_GetByID
=== PAUSE TestUserUseCase_GetByID
=== CONT  TestUserUseCase_Create
=== CONT  TestUserUseCase_GetByID
=== CONT  TestNewUserUseCase
=== RUN   TestUserUseCase_GetByID/#1:_Get_user_by_ID_failed
=== RUN   TestNewUserUseCase/#00
=== RUN   TestUserUseCase_Create/#1:_Create_new_user_failed
--- PASS: TestNewUserUseCase (0.00s)
    --- PASS: TestNewUserUseCase/#00 (0.00s)
=== RUN   TestUserUseCase_GetByID/#2:_Found
--- PASS: TestUserUseCase_GetByID (0.00s)
    --- PASS: TestUserUseCase_GetByID/#1:_Get_user_by_ID_failed (0.00s)
    --- PASS: TestUserUseCase_GetByID/#2:_Found (0.00s)
=== RUN   TestUserUseCase_Create/#2:_Success
--- PASS: TestUserUseCase_Create (0.18s)
    --- PASS: TestUserUseCase_Create/#1:_Create_new_user_failed (0.09s)
    --- PASS: TestUserUseCase_Create/#2:_Success (0.09s)
PASS
coverage: 9.1% of statements in ./...
ok  	github.com/lovung/GoCleanArchitecture/app/internal/usecase/interactor	0.569s	coverage: 9.1% of statements in ./...
?   	github.com/lovung/GoCleanArchitecture/app/internal/usecase/mockusecase	[no test files]
?   	github.com/lovung/GoCleanArchitecture/app/registry	[no test files]
?   	github.com/lovung/GoCleanArchitecture/app/usecase	[no test files]
?   	github.com/lovung/GoCleanArchitecture/app/usecase/dto	[no test files]
?   	github.com/lovung/GoCleanArchitecture/app/usecase/interactor	[no test files]
?   	github.com/lovung/GoCleanArchitecture/cmd/services/core	[no test files]
?   	github.com/lovung/GoCleanArchitecture/pkg/config	[no test files]
?   	github.com/lovung/GoCleanArchitecture/pkg/copier	[no test files]
=== RUN   TestDeletedByFromClaim
=== RUN   TestDeletedByFromClaim/Test_case1:_success
--- PASS: TestDeletedByFromClaim (0.00s)
    --- PASS: TestDeletedByFromClaim/Test_case1:_success (0.00s)
=== RUN   TestSoftDeleteClauseFromClaim
=== RUN   TestSoftDeleteClauseFromClaim/Test_case1:_success
--- PASS: TestSoftDeleteClauseFromClaim (0.00s)
    --- PASS: TestSoftDeleteClauseFromClaim/Test_case1:_success (0.00s)
PASS
coverage: 2.1% of statements in ./...
ok  	github.com/lovung/GoCleanArchitecture/pkg/gormutil	0.719s	coverage: 2.1% of statements in ./...
=== RUN   Test_bcryptHashAndCheckPassword
=== RUN   Test_bcryptHashAndCheckPassword/#00
=== RUN   Test_bcryptHashAndCheckPassword/#01
--- PASS: Test_bcryptHashAndCheckPassword (0.86s)
    --- PASS: Test_bcryptHashAndCheckPassword/#00 (0.43s)
    --- PASS: Test_bcryptHashAndCheckPassword/#01 (0.43s)
=== RUN   TestHashAndCheckPassword
=== RUN   TestHashAndCheckPassword/#00
=== RUN   TestHashAndCheckPassword/#01
--- PASS: TestHashAndCheckPassword (0.35s)
    --- PASS: TestHashAndCheckPassword/#00 (0.18s)
    --- PASS: TestHashAndCheckPassword/#01 (0.17s)
PASS
coverage: 4.8% of statements in ./...
ok  	github.com/lovung/GoCleanArchitecture/pkg/hasher	2.552s	coverage: 4.8% of statements in ./...
=== RUN   TestGenerateToken
=== RUN   TestGenerateToken/SuccsssCase:_Correctly_put_claims
--- PASS: TestGenerateToken (0.00s)
    --- PASS: TestGenerateToken/SuccsssCase:_Correctly_put_claims (0.00s)
=== RUN   TestVerifyToken
=== RUN   TestVerifyToken/SuccessCase:_put_the_token_issued_right_now
=== RUN   TestVerifyToken/FailureCase:_put_the_token_issued_in_the_past
--- PASS: TestVerifyToken (0.00s)
    --- PASS: TestVerifyToken/SuccessCase:_put_the_token_issued_right_now (0.00s)
    --- PASS: TestVerifyToken/FailureCase:_put_the_token_issued_in_the_past (0.00s)
PASS
coverage: 4.0% of statements in ./...
ok  	github.com/lovung/GoCleanArchitecture/pkg/jwtutil	1.005s	coverage: 4.0% of statements in ./...
?   	github.com/lovung/GoCleanArchitecture/pkg/logger	[no test files]
?   	github.com/lovung/GoCleanArchitecture/pkg/storage	[no test files]
